
Memory Configuration

Name             Origin             Length             Attributes
*default*        0x0000000000000000 0xffffffffffffffff

Linker script and memory map

                0x0000000000080000                . = 0x80000
                0x0000000000080000                _text_boot = .

.text.boot      0x0000000000080000       0x80
 *(.text.boot)
 .text.boot     0x0000000000080000       0x80 build/boot_s.o
                0x0000000000080000                _start
                0x0000000000080080                _etext_boot = .
                0x0000000000080080                _text = .

.text           0x0000000000080800     0x4058
 *(.text)
 .text          0x0000000000080800     0x11a0 build/printk_c.o
                0x0000000000080c58                myprintf
                0x00000000000817c0                printk_init
                0x0000000000081848                printk
 .text          0x00000000000819a0      0x21c build/init_c.o
                0x0000000000081ad8                bad_mode
                0x0000000000081b28                kernel_main
 .text          0x0000000000081bbc       0x18 build/irq_c.o
                0x0000000000081bbc                irq_handle
 .text          0x0000000000081bd4      0x8bc build/mm_c.o
                0x0000000000081dc4                pmd_set_section
                0x000000000008244c                setup_arch
 .text          0x0000000000082490      0x144 build/alloc_c.o
                0x0000000000082490                mem_init
                0x0000000000082534                alloc_page
                0x00000000000825a8                free_page
 .text          0x00000000000825d4      0x260 build/pl_uart_c.o
                0x00000000000825d4                uart_send
                0x0000000000082624                uart_recv
                0x000000000008266c                uart_send_string
                0x00000000000826c8                uart_init
                0x0000000000082800                putchar
 .text          0x0000000000082834       0x84 build/test_c.o
                0x0000000000082834                test_access_map_address
                0x0000000000082874                test_access_unmap_address
 .text          0x00000000000828b8      0x5f4 build/gic_c.o
                0x0000000000082978                gicv2_mask_irq
                0x000000000008299c                gicv2_unmask_irq
                0x0000000000082c44                gic_cpu_init
                0x0000000000082d1c                gic_handle_irq
                0x0000000000082dd0                gic_init
 .text          0x0000000000082eac      0x230 build/memset_c.o
                0x00000000000830b0                memset
 .text          0x00000000000830dc       0xa8 build/string_c.o
                0x00000000000830dc                strlen
                0x0000000000083120                memcpy
 .text          0x0000000000083184      0x190 build/timer_c.o
                0x00000000000831b0                local_timer_init
                0x00000000000831e0                system_timer_init
                0x0000000000083264                handle_timer_irq
                0x0000000000083294                handle_stimer_irq
 *fill*         0x0000000000083314      0x4ec 
 .text          0x0000000000083800     0x1030 build/entry_s.o
                0x0000000000084000                vectors
                0x0000000000084806                trigger_alignment
 .text          0x0000000000084830       0x10 build/mm_s.o
                0x0000000000084830                memzero
 .text          0x0000000000084840       0x18 build/memset_asm_s.o
                0x0000000000084840                __memset_16bytes
 .text          0x0000000000084858        0x0 build/boot_s.o
                0x0000000000084858                _etext = .
                0x0000000000084858                _rodata = .

.iplt           0x0000000000084858        0x0
 .iplt          0x0000000000084858        0x0 build/printk_c.o

.rodata         0x0000000000084858      0x418
 *(.rodata)
 .rodata        0x0000000000084858       0x57 build/printk_c.o
 *fill*         0x00000000000848af        0x1 
 .rodata        0x00000000000848b0      0x25b build/init_c.o
 *fill*         0x0000000000084b0b        0x5 
 .rodata        0x0000000000084b10       0x29 build/mm_c.o
 *fill*         0x0000000000084b39        0x7 
 .rodata        0x0000000000084b40       0x27 build/alloc_c.o
 *fill*         0x0000000000084b67        0x1 
 .rodata        0x0000000000084b68       0x5a build/test_c.o
 *fill*         0x0000000000084bc2        0x6 
 .rodata        0x0000000000084bc8       0x61 build/gic_c.o
 *fill*         0x0000000000084c29        0x7 
 .rodata        0x0000000000084c30       0x40 build/timer_c.o
                0x0000000000084c70                _erodata = .
                0x0000000000084c70                _data = .

.eh_frame       0x0000000000084c70      0x6dc
 .eh_frame      0x0000000000084c70       0xb0 build/printk_c.o
 .eh_frame      0x0000000000084d20       0x58 build/init_c.o
                                         0x70 (size before relaxing)
 .eh_frame      0x0000000000084d78       0x20 build/irq_c.o
                                         0x38 (size before relaxing)
 .eh_frame      0x0000000000084d98      0x210 build/mm_c.o
                                        0x228 (size before relaxing)
 .eh_frame      0x0000000000084fa8       0x50 build/alloc_c.o
                                         0x68 (size before relaxing)
 .eh_frame      0x0000000000084ff8       0x88 build/pl_uart_c.o
                                         0xa0 (size before relaxing)
 .eh_frame      0x0000000000085080       0x40 build/test_c.o
                                         0x58 (size before relaxing)
 .eh_frame      0x00000000000850c0      0x140 build/gic_c.o
                                        0x158 (size before relaxing)
 .eh_frame      0x0000000000085200       0x70 build/memset_c.o
                                         0x88 (size before relaxing)
 .eh_frame      0x0000000000085270       0x30 build/string_c.o
                                         0x48 (size before relaxing)
 .eh_frame      0x00000000000852a0       0xac build/timer_c.o
                                         0xc0 (size before relaxing)

.rela.dyn       0x0000000000085350        0x0
 .rela.iplt     0x0000000000085350        0x0 build/printk_c.o
 .rela.got      0x0000000000085350        0x0 build/printk_c.o
 .rela.text.boot
                0x0000000000085350        0x0 build/printk_c.o

.data           0x000000000008534c        0x8
 *(.data)
 .data          0x000000000008534c        0x0 build/printk_c.o
 .data          0x000000000008534c        0x0 build/init_c.o
 .data          0x000000000008534c        0x0 build/irq_c.o
 .data          0x000000000008534c        0x0 build/mm_c.o
 .data          0x000000000008534c        0x0 build/alloc_c.o
 .data          0x000000000008534c        0x0 build/pl_uart_c.o
 .data          0x000000000008534c        0x0 build/test_c.o
 .data          0x000000000008534c        0x0 build/gic_c.o
 .data          0x000000000008534c        0x0 build/memset_c.o
 .data          0x000000000008534c        0x0 build/string_c.o
 .data          0x000000000008534c        0x8 build/timer_c.o
 .data          0x0000000000085354        0x0 build/entry_s.o
 .data          0x0000000000085354        0x0 build/mm_s.o
 .data          0x0000000000085354        0x0 build/memset_asm_s.o
 .data          0x0000000000085354        0x0 build/boot_s.o

.data.rel.local
                0x0000000000085358        0x8
 .data.rel.local
                0x0000000000085358        0x8 build/printk_c.o

.igot.plt       0x0000000000085360        0x0
 .igot.plt      0x0000000000085360        0x0 build/printk_c.o

.got            0x0000000000085360       0x60
 .got           0x0000000000085360       0x60 build/printk_c.o
                0x0000000000085360                _GLOBAL_OFFSET_TABLE_

.got.plt        0x00000000000853c0       0x18
 .got.plt       0x00000000000853c0       0x18 build/printk_c.o

.data.rel.ro.local
                0x00000000000853d8       0x20
 .data.rel.ro.local
                0x00000000000853d8       0x20 build/init_c.o
                0x0000000000086000                . = ALIGN (0x1000)
                0x0000000000086000                idmap_pg_dir = .
                0x0000000000087000                . = (. + 0x1000)
                0x0000000000087000                _edata = .
                0x0000000000087000                . = ALIGN (0x8)
                0x0000000000087000                _bss = .

.bss            0x0000000000087000    0x60444
 *(.bss*)
 .bss           0x0000000000087000    0x20410 build/printk_c.o
 .bss           0x00000000000a7410        0x0 build/init_c.o
 .bss           0x00000000000a7410        0x0 build/irq_c.o
 .bss           0x00000000000a7410        0x0 build/mm_c.o
 .bss           0x00000000000a7410    0x40008 build/alloc_c.o
 .bss           0x00000000000e7418        0x0 build/pl_uart_c.o
 .bss           0x00000000000e7418        0x0 build/test_c.o
 .bss           0x00000000000e7418       0x28 build/gic_c.o
 .bss           0x00000000000e7440        0x0 build/memset_c.o
 .bss           0x00000000000e7440        0x0 build/string_c.o
 .bss           0x00000000000e7440        0x4 build/timer_c.o
 .bss           0x00000000000e7444        0x0 build/entry_s.o
 .bss           0x00000000000e7444        0x0 build/mm_s.o
 .bss           0x00000000000e7444        0x0 build/memset_asm_s.o
 .bss           0x00000000000e7444        0x0 build/boot_s.o
                0x00000000000e7444                _ebss = .
                0x00000000000e8000                . = ALIGN (0x1000)
                0x00000000000e8000                init_pg_dir = .
                0x00000000000e9000                . = (. + 0x1000)
LOAD build/printk_c.o
LOAD build/init_c.o
LOAD build/irq_c.o
LOAD build/mm_c.o
LOAD build/alloc_c.o
LOAD build/pl_uart_c.o
LOAD build/test_c.o
LOAD build/gic_c.o
LOAD build/memset_c.o
LOAD build/string_c.o
LOAD build/timer_c.o
LOAD build/entry_s.o
LOAD build/mm_s.o
LOAD build/memset_asm_s.o
LOAD build/boot_s.o
OUTPUT(build/aarch_test.elf elf64-littleaarch64)
LOAD linker stubs

.debug_info     0x0000000000000000     0x21d9
 .debug_info    0x0000000000000000      0x483 build/printk_c.o
 .debug_info    0x0000000000000483      0x24b build/init_c.o
 .debug_info    0x00000000000006ce       0x56 build/irq_c.o
 .debug_info    0x0000000000000724      0x9cb build/mm_c.o
 .debug_info    0x00000000000010ef      0x135 build/alloc_c.o
 .debug_info    0x0000000000001224      0x323 build/pl_uart_c.o
 .debug_info    0x0000000000001547       0xed build/test_c.o
 .debug_info    0x0000000000001634      0x5fd build/gic_c.o
 .debug_info    0x0000000000001c31      0x215 build/memset_c.o
 .debug_info    0x0000000000001e46      0x108 build/string_c.o
 .debug_info    0x0000000000001f4e      0x1d3 build/timer_c.o
 .debug_info    0x0000000000002121       0x2e build/entry_s.o
 .debug_info    0x000000000000214f       0x2e build/mm_s.o
 .debug_info    0x000000000000217d       0x2e build/memset_asm_s.o
 .debug_info    0x00000000000021ab       0x2e build/boot_s.o

.debug_abbrev   0x0000000000000000      0xb72
 .debug_abbrev  0x0000000000000000      0x1a5 build/printk_c.o
 .debug_abbrev  0x00000000000001a5      0x156 build/init_c.o
 .debug_abbrev  0x00000000000002fb       0x39 build/irq_c.o
 .debug_abbrev  0x0000000000000334      0x1df build/mm_c.o
 .debug_abbrev  0x0000000000000513       0xd4 build/alloc_c.o
 .debug_abbrev  0x00000000000005e7       0xea build/pl_uart_c.o
 .debug_abbrev  0x00000000000006d1       0x72 build/test_c.o
 .debug_abbrev  0x0000000000000743      0x150 build/gic_c.o
 .debug_abbrev  0x0000000000000893       0xfb build/memset_c.o
 .debug_abbrev  0x000000000000098e       0xb7 build/string_c.o
 .debug_abbrev  0x0000000000000a45       0xdd build/timer_c.o
 .debug_abbrev  0x0000000000000b22       0x14 build/entry_s.o
 .debug_abbrev  0x0000000000000b36       0x14 build/mm_s.o
 .debug_abbrev  0x0000000000000b4a       0x14 build/memset_asm_s.o
 .debug_abbrev  0x0000000000000b5e       0x14 build/boot_s.o

.debug_aranges  0x0000000000000000      0x2d0
 .debug_aranges
                0x0000000000000000       0x30 build/printk_c.o
 .debug_aranges
                0x0000000000000030       0x30 build/init_c.o
 .debug_aranges
                0x0000000000000060       0x30 build/irq_c.o
 .debug_aranges
                0x0000000000000090       0x30 build/mm_c.o
 .debug_aranges
                0x00000000000000c0       0x30 build/alloc_c.o
 .debug_aranges
                0x00000000000000f0       0x30 build/pl_uart_c.o
 .debug_aranges
                0x0000000000000120       0x30 build/test_c.o
 .debug_aranges
                0x0000000000000150       0x30 build/gic_c.o
 .debug_aranges
                0x0000000000000180       0x30 build/memset_c.o
 .debug_aranges
                0x00000000000001b0       0x30 build/string_c.o
 .debug_aranges
                0x00000000000001e0       0x30 build/timer_c.o
 .debug_aranges
                0x0000000000000210       0x30 build/entry_s.o
 .debug_aranges
                0x0000000000000240       0x30 build/mm_s.o
 .debug_aranges
                0x0000000000000270       0x30 build/memset_asm_s.o
 .debug_aranges
                0x00000000000002a0       0x30 build/boot_s.o

.debug_line     0x0000000000000000      0xfdc
 .debug_line    0x0000000000000000      0x4e5 build/printk_c.o
 .debug_line    0x00000000000004e5       0xaa build/init_c.o
 .debug_line    0x000000000000058f       0x43 build/irq_c.o
 .debug_line    0x00000000000005d2      0x2db build/mm_c.o
 .debug_line    0x00000000000008ad       0x99 build/alloc_c.o
 .debug_line    0x0000000000000946       0xe0 build/pl_uart_c.o
 .debug_line    0x0000000000000a26       0x63 build/test_c.o
 .debug_line    0x0000000000000a89      0x1be build/gic_c.o
 .debug_line    0x0000000000000c47      0x100 build/memset_c.o
 .debug_line    0x0000000000000d47       0x99 build/string_c.o
 .debug_line    0x0000000000000de0       0x87 build/timer_c.o
 .debug_line    0x0000000000000e67       0x9e build/entry_s.o
 .debug_line    0x0000000000000f05       0x3d build/mm_s.o
 .debug_line    0x0000000000000f42       0x47 build/memset_asm_s.o
 .debug_line    0x0000000000000f89       0x53 build/boot_s.o

.debug_str      0x0000000000000000      0x82d
 .debug_str     0x0000000000000000      0x210 build/printk_c.o
                                        0x266 (size before relaxing)
 .debug_str     0x0000000000000210       0xe0 build/init_c.o
                                        0x1f4 (size before relaxing)
 .debug_str     0x00000000000002f0       0x15 build/irq_c.o
                                        0x114 (size before relaxing)
 .debug_str     0x0000000000000305      0x22a build/mm_c.o
                                        0x374 (size before relaxing)
 .debug_str     0x000000000000052f       0x55 build/alloc_c.o
                                        0x16e (size before relaxing)
 .debug_str     0x0000000000000584       0x4e build/pl_uart_c.o
                                        0x140 (size before relaxing)
 .debug_str     0x00000000000005d2       0x14 build/test_c.o
                                        0x145 (size before relaxing)
 .debug_str     0x00000000000005e6      0x10e build/gic_c.o
                                        0x23e (size before relaxing)
 .debug_str     0x00000000000006f4       0x53 build/memset_c.o
                                        0x170 (size before relaxing)
 .debug_str     0x0000000000000747       0x20 build/string_c.o
                                        0x11f (size before relaxing)
 .debug_str     0x0000000000000767       0x89 build/timer_c.o
                                        0x188 (size before relaxing)
 .debug_str     0x00000000000007f0       0x18 build/entry_s.o
                                         0x30 (size before relaxing)
 .debug_str     0x0000000000000808        0x9 build/mm_s.o
                                         0x2d (size before relaxing)
 .debug_str     0x0000000000000811       0x11 build/memset_asm_s.o
                                         0x35 (size before relaxing)
 .debug_str     0x0000000000000822        0xb build/boot_s.o
                                         0x2f (size before relaxing)

.comment        0x0000000000000000       0x2b
 .comment       0x0000000000000000       0x2b build/printk_c.o
                                         0x2c (size before relaxing)
 .comment       0x000000000000002b       0x2c build/init_c.o
 .comment       0x000000000000002b       0x2c build/irq_c.o
 .comment       0x000000000000002b       0x2c build/mm_c.o
 .comment       0x000000000000002b       0x2c build/alloc_c.o
 .comment       0x000000000000002b       0x2c build/pl_uart_c.o
 .comment       0x000000000000002b       0x2c build/test_c.o
 .comment       0x000000000000002b       0x2c build/gic_c.o
 .comment       0x000000000000002b       0x2c build/memset_c.o
 .comment       0x000000000000002b       0x2c build/string_c.o
 .comment       0x000000000000002b       0x2c build/timer_c.o

.note.GNU-stack
                0x0000000000000000        0x0
 .note.GNU-stack
                0x0000000000000000        0x0 build/printk_c.o
 .note.GNU-stack
                0x0000000000000000        0x0 build/init_c.o
 .note.GNU-stack
                0x0000000000000000        0x0 build/irq_c.o
 .note.GNU-stack
                0x0000000000000000        0x0 build/mm_c.o
 .note.GNU-stack
                0x0000000000000000        0x0 build/alloc_c.o
 .note.GNU-stack
                0x0000000000000000        0x0 build/pl_uart_c.o
 .note.GNU-stack
                0x0000000000000000        0x0 build/test_c.o
 .note.GNU-stack
                0x0000000000000000        0x0 build/gic_c.o
 .note.GNU-stack
                0x0000000000000000        0x0 build/memset_c.o
 .note.GNU-stack
                0x0000000000000000        0x0 build/string_c.o
 .note.GNU-stack
                0x0000000000000000        0x0 build/timer_c.o
