
Memory Configuration

Name             Origin             Length             Attributes
*default*        0x0000000000000000 0xffffffffffffffff

Linker script and memory map

                0x0000000000080000                . = 0x80000

.text.boot      0x0000000000080000       0x80
 *(.text.boot)
 .text.boot     0x0000000000080000       0x80 build/boot_s.o
                0x0000000000080000                _start

.text           0x0000000000080800     0x2030
 *(.text)
 .text          0x0000000000080800     0x11f0 build/printk_c.o
                0x0000000000080c58                myprintf
                0x00000000000817c0                init_printk_done
                0x0000000000081848                printk
 .text          0x00000000000819f0       0xa8 build/string_c.o
                0x00000000000819f0                strlen
                0x0000000000081a34                memcpy
 .text          0x0000000000081a98      0x260 build/pl_uart_c.o
                0x0000000000081a98                uart_send
                0x0000000000081ae8                uart_recv
                0x0000000000081b30                uart_send_string
                0x0000000000081b8c                uart_init
                0x0000000000081cc4                putchar
 .text          0x0000000000081cf8       0x94 build/kernel_entry_c.o
                0x0000000000081cf8                bad_mode
                0x0000000000081d54                kernel_main
 *fill*         0x0000000000081d8c      0x274 
 .text          0x0000000000082000      0x820 build/entry_s.o
                0x0000000000082000                vectors
                0x0000000000082806                trigger_alignment
 .text          0x0000000000082820       0x10 build/mm_s.o
                0x0000000000082820                memzero
 .text          0x0000000000082830        0x0 build/boot_s.o

.iplt           0x0000000000082830        0x0
 .iplt          0x0000000000082830        0x0 build/printk_c.o

.rodata         0x0000000000082830      0x10a
 *(.rodata)
 .rodata        0x0000000000082830       0x7c build/printk_c.o
 *fill*         0x00000000000828ac        0x4 
 .rodata        0x00000000000828b0       0x8a build/kernel_entry_c.o

.eh_frame       0x0000000000082940      0x1a0
 .eh_frame      0x0000000000082940       0xb0 build/printk_c.o
 .eh_frame      0x00000000000829f0       0x30 build/string_c.o
                                         0x48 (size before relaxing)
 .eh_frame      0x0000000000082a20       0x88 build/pl_uart_c.o
                                         0xa0 (size before relaxing)
 .eh_frame      0x0000000000082aa8       0x38 build/kernel_entry_c.o
                                         0x50 (size before relaxing)

.rela.dyn       0x0000000000082ae0        0x0
 .rela.iplt     0x0000000000082ae0        0x0 build/printk_c.o
 .rela.text.boot
                0x0000000000082ae0        0x0 build/printk_c.o

.data           0x0000000000082ae0        0x0
 *(.data)
 .data          0x0000000000082ae0        0x0 build/printk_c.o
 .data          0x0000000000082ae0        0x0 build/string_c.o
 .data          0x0000000000082ae0        0x0 build/pl_uart_c.o
 .data          0x0000000000082ae0        0x0 build/kernel_entry_c.o
 .data          0x0000000000082ae0        0x0 build/entry_s.o
 .data          0x0000000000082ae0        0x0 build/mm_s.o
 .data          0x0000000000082ae0        0x0 build/boot_s.o

.data.rel.local
                0x0000000000082ae0        0x8
 .data.rel.local
                0x0000000000082ae0        0x8 build/printk_c.o

.igot.plt       0x0000000000082ae8        0x0
 .igot.plt      0x0000000000082ae8        0x0 build/printk_c.o

.data.rel.ro.local
                0x0000000000082ae8       0x20
 .data.rel.ro.local
                0x0000000000082ae8       0x20 build/kernel_entry_c.o
                0x0000000000082b08                . = ALIGN (0x8)
                0x0000000000082b08                bss_begin = .

.bss            0x0000000000082b08    0x20410
 *(.bss*)
 .bss           0x0000000000082b08    0x20410 build/printk_c.o
 .bss           0x00000000000a2f18        0x0 build/string_c.o
 .bss           0x00000000000a2f18        0x0 build/pl_uart_c.o
 .bss           0x00000000000a2f18        0x0 build/kernel_entry_c.o
 .bss           0x00000000000a2f18        0x0 build/entry_s.o
 .bss           0x00000000000a2f18        0x0 build/mm_s.o
 .bss           0x00000000000a2f18        0x0 build/boot_s.o
                0x00000000000a2f18                bss_end = .
LOAD build/printk_c.o
LOAD build/string_c.o
LOAD build/pl_uart_c.o
LOAD build/kernel_entry_c.o
LOAD build/entry_s.o
LOAD build/mm_s.o
LOAD build/boot_s.o
OUTPUT(build/aarch_test.elf elf64-littleaarch64)
LOAD linker stubs

.debug_info     0x0000000000000000      0xa5a
 .debug_info    0x0000000000000000      0x48a build/printk_c.o
 .debug_info    0x000000000000048a      0x108 build/string_c.o
 .debug_info    0x0000000000000592      0x323 build/pl_uart_c.o
 .debug_info    0x00000000000008b5      0x11b build/kernel_entry_c.o
 .debug_info    0x00000000000009d0       0x2e build/entry_s.o
 .debug_info    0x00000000000009fe       0x2e build/mm_s.o
 .debug_info    0x0000000000000a2c       0x2e build/boot_s.o

.debug_abbrev   0x0000000000000000      0x449
 .debug_abbrev  0x0000000000000000      0x1a5 build/printk_c.o
 .debug_abbrev  0x00000000000001a5       0xb7 build/string_c.o
 .debug_abbrev  0x000000000000025c       0xea build/pl_uart_c.o
 .debug_abbrev  0x0000000000000346       0xc7 build/kernel_entry_c.o
 .debug_abbrev  0x000000000000040d       0x14 build/entry_s.o
 .debug_abbrev  0x0000000000000421       0x14 build/mm_s.o
 .debug_abbrev  0x0000000000000435       0x14 build/boot_s.o

.debug_aranges  0x0000000000000000      0x150
 .debug_aranges
                0x0000000000000000       0x30 build/printk_c.o
 .debug_aranges
                0x0000000000000030       0x30 build/string_c.o
 .debug_aranges
                0x0000000000000060       0x30 build/pl_uart_c.o
 .debug_aranges
                0x0000000000000090       0x30 build/kernel_entry_c.o
 .debug_aranges
                0x00000000000000c0       0x30 build/entry_s.o
 .debug_aranges
                0x00000000000000f0       0x30 build/mm_s.o
 .debug_aranges
                0x0000000000000120       0x30 build/boot_s.o

.debug_line     0x0000000000000000      0x7b6
 .debug_line    0x0000000000000000      0x4f0 build/printk_c.o
 .debug_line    0x00000000000004f0       0x83 build/string_c.o
 .debug_line    0x0000000000000573       0xe0 build/pl_uart_c.o
 .debug_line    0x0000000000000653       0x6b build/kernel_entry_c.o
 .debug_line    0x00000000000006be       0x68 build/entry_s.o
 .debug_line    0x0000000000000726       0x3d build/mm_s.o
 .debug_line    0x0000000000000763       0x53 build/boot_s.o

.debug_str      0x0000000000000000      0x30f
 .debug_str     0x0000000000000000      0x21b build/printk_c.o
                                        0x256 (size before relaxing)
 .debug_str     0x000000000000021b       0x2d build/string_c.o
                                         0xf7 (size before relaxing)
 .debug_str     0x0000000000000248       0x4e build/pl_uart_c.o
                                        0x118 (size before relaxing)
 .debug_str     0x0000000000000296       0x4d build/kernel_entry_c.o
                                        0x12e (size before relaxing)
 .debug_str     0x00000000000002e3       0x18 build/entry_s.o
                                         0x30 (size before relaxing)
 .debug_str     0x00000000000002fb        0x9 build/mm_s.o
                                         0x2d (size before relaxing)
 .debug_str     0x0000000000000304        0xb build/boot_s.o
                                         0x2f (size before relaxing)

.comment        0x0000000000000000       0x2b
 .comment       0x0000000000000000       0x2b build/printk_c.o
                                         0x2c (size before relaxing)
 .comment       0x000000000000002b       0x2c build/string_c.o
 .comment       0x000000000000002b       0x2c build/pl_uart_c.o
 .comment       0x000000000000002b       0x2c build/kernel_entry_c.o

.note.GNU-stack
                0x0000000000000000        0x0
 .note.GNU-stack
                0x0000000000000000        0x0 build/printk_c.o
 .note.GNU-stack
                0x0000000000000000        0x0 build/string_c.o
 .note.GNU-stack
                0x0000000000000000        0x0 build/pl_uart_c.o
 .note.GNU-stack
                0x0000000000000000        0x0 build/kernel_entry_c.o
